MO image_main NULL image_main.v vlg6B/image__main.bin 1576572450
MO filtering NULL filtering.v vlg78/filtering.bin 1576565486
MO tb NULL tb.v vlg26/tb.bin 1576564723
MO image_ram NULL ipcore_dir/image_ram.v vlg1A/image__ram.bin 1576572450
MO input_image_ram NULL ipcore_dir/input_image_ram.v vlg71/input__image__ram.bin 1576568517
