MO Output_RAM NULL ipcore_dir/Output_RAM.v vlg38/_output___r_a_m.bin 1574680318
MO matmult_top NULL ../src_4a/matmult_top.v vlg66/matmult__top.bin 1574680318
MO Input_RAM_A NULL ipcore_dir/Input_RAM_A.v vlg37/_input___r_a_m___a.bin 1574680318
MO Input_RAM_B NULL ipcore_dir/Input_RAM_B.v vlg38/_input___r_a_m___b.bin 1574680318
MO tb NULL ../src_4a/tb.v vlg26/tb.bin 1574679965
MO matmult_kernel NULL ../src_4a/matmult_kernel.v vlg24/matmult__kernel.bin 1574680318
